Checking /home/rpzrm/global/projects/profile/src/app/resume/experience/galaxeye/entry.js
Found entry: Signal Processing Intern
Checking /home/rpzrm/global/projects/profile/src/app/resume/education/iiitdm/entry.js
Found entry: Integrated Bachelors and Masters Programme
Checking /home/rpzrm/global/projects/profile/src/app/resume/leadership/sae/entry.js
Found entry: Vice-Chair
Checking /home/rpzrm/global/projects/profile/src/app/resume/leadership/sec/entry.js
Found entry: Research Group Head
Checking /home/rpzrm/global/projects/profile/src/app/resume/experience/galaxeye/entry.js
Found entry: Signal Processing Intern
Checking /home/rpzrm/global/projects/profile/src/app/resume/education/iiitdm/entry.js
Found entry: Integrated Bachelors and Masters Programme
Checking /home/rpzrm/global/projects/profile/src/app/resume/leadership/sae/entry.js
Found entry: Vice-Chair
Checking /home/rpzrm/global/projects/profile/src/app/resume/leadership/sec/entry.js
Found entry: Research Group Head
Checking /home/rpzrm/global/projects/profile/src/app/resume/experience/galaxeye/entry.js
Found entry: Signal Processing Intern
Checking /home/rpzrm/global/projects/profile/src/app/resume/education/iiitdm/entry.js
Found entry: Integrated Bachelors and Masters Programme
Checking /home/rpzrm/global/projects/profile/src/app/resume/leadership/sae/entry.js
Found entry: Vice-Chair
Checking /home/rpzrm/global/projects/profile/src/app/resume/leadership/sec/entry.js
Found entry: Research Group Head
Checking /home/rpzrm/global/projects/profile/src/app/resume/experience/galaxeye/entry.js
Found entry: Signal Processing Intern
Checking /home/rpzrm/global/projects/profile/src/app/resume/education/iiitdm/entry.js
Found entry: Integrated Bachelors and Masters Programme
Checking /home/rpzrm/global/projects/profile/src/app/resume/leadership/sae/entry.js
Found entry: Vice-Chair
Checking /home/rpzrm/global/projects/profile/src/app/resume/leadership/sec/entry.js
Found entry: Research Group Head
Found entry: Signal Processing Intern
Found entry: Integrated Bachelors and Masters Programme
Found entry: Vice-Chair
Found entry: Research Group Head
